stdout: - setup fresh db
stdout: - check startup julia
stdout: - observe <tmpdir>/landing_zone now
stdout: - dispatch test.yaml
stderr:   error: don't know how to handle test.yaml
stdout:   dispatch done
stdout: - dispatch sites/example_site/site.yaml
stderr:   error: when parsing sites/example_site/site.yaml: file <tmpdir>/landing_zone/sites/example_site/site.yaml is empty
stdout:   dispatch done
stdout: - dispatch data/parameters.yaml
stdout:   commited changes
stdout:   dispatch done
stdout: + done
