INFO     eawag.datapool  connected to db sqlite+pysqlite:///<tmpdir>/datapool.db
INFO     eawag.datapool  message: don't know how to handle data/invalid_name.yaml
