stdout: - guess settings
stdout: - created config files at <tmpdir>/datapool
stdout:   please edit these files and adapt the data base configuration to your setup
stdout: + intialized db
stdout: - setup development landing zone
stdout: - operational landing zone is empty. you might use 'pool create-example' to see how to setup an initial landing zone.
stdout: + setup done
stdout:
stdout: REGULAR UPDATE_OPERATIONAL
stdout: - development landing zone seems to be sane.
stdout: - check names and places of changed files at landing zone <tmpdir>/local_landing_zone
stdout: - file names and their places are ok
stdout: - check yaml files in landing zone at <tmpdir>/local_landing_zone
stdout: - copy meta data from productive db
stdout:   - copy table comment
stdout:   - copy table parameter
stdout:   - copy table parameter_averaging
stdout:   - copy table picture
stdout:   - copy table project
stdout:   - copy table quality
stdout:   - copy table signal_quality
stdout:   - copy table site
stdout:   - copy table source
stdout:   - copy table source_type
stdout:   - copy table special_value_definition
stdout: - no updates detected. skip checks.
stdout: - all yaml files checked
stdout: - check scripts landing zone at <tmpdir>/local_landing_zone
stdout: - check signals integrity
stdout: - check signals against db
stdout: - all scripts checked
stdout: + congratulations: all checks succeeded.
stdout: + copied 0 files to <tmpdir>/landing_zone
stdout:
stdout: UPDATE_OPERATIONAL ZERO UPDATES:
stdout: - development landing zone seems to be sane.
stdout: - check names and places of changed files at landing zone <tmpdir>/local_landing_zone
stdout: - file names and their places are ok
stdout: - check yaml files in landing zone at <tmpdir>/local_landing_zone
stdout: - copy meta data from productive db
stdout:   - copy table comment
stdout:   - copy table parameter
stdout:   - copy table parameter_averaging
stdout:   - copy table picture
stdout:   - copy table project
stdout:   - copy table quality
stdout:   - copy table signal_quality
stdout:   - copy table site
stdout:   - copy table source
stdout:   - copy table source_type
stdout:   - copy table special_value_definition
stdout: - no updates detected. skip checks.
stdout: - all yaml files checked
stdout: - check scripts landing zone at <tmpdir>/local_landing_zone
stdout: - check signals integrity
stdout: - check signals against db
stdout: - all scripts checked
stdout: + congratulations: all checks succeeded.
stdout: + copied 0 files to <tmpdir>/landing_zone
