INFO     eawag.datapool  connected to db sqlite+pysqlite:///<tmpdir>/datapool.db
INFO     eawag.datapool  message: created folder <tmpdir>/backup_landing_zone/data/FloDar/FloDar_python
INFO     eawag.datapool  message: copied data/FloDar/FloDar_python/conversion.py to <tmpdir>/backup_landing_zone/data/FloDar/FloDar_python/conversion.py.NOW
