INFO     eawag.datapool  use parse_site to parse all files from <tmpdir>/landing_zone
INFO     eawag.datapool  load <tmpdir>/landing_zone/sites/example_site/site.yaml
WARNING  eawag.datapool  file <tmpdir>/landing_zone/sites/example_site/site.yaml is empty
file <tmpdir>/landing_zone/sites/example_site/site.yaml is empty
