stdout: - guess settings
stdout: - created config files at <tmpdir>/datapool
stdout:   please edit these files and adapt the data base configuration to your setup
