INFO     eawag.datapool  connected to db sqlite+pysqlite:///<tmpdir>/datapool.db
INFO     eawag.datapool  connected to db sqlite+pysqlite:///<tmpdir>/datapool.db
INFO     eawag.datapool  created all tables of db sqlite+pysqlite:///<tmpdir>/datapool.db
INFO     eawag.datapool  use parse_site to parse all files from <tmpdir>/landing_zone
INFO     eawag.datapool  load <tmpdir>/landing_zone/sites/example_site/site.yaml
site object read from yaml:
Site test_site:
    street      : 'Flensburger Straße'
    city        : 'Schacht 24G3S, Mischsystem'
    x, y, z     : '580000', '255300', '455.3'
    description : All the details of the site.All the details the site.All the details of the site.All the details of the site.All the details of the site.All the details of the site.All the details of the site.
    Picture:
        filename    : '1.jpg'
        timestamp   : datetime.datetime(2016, 1, 1, 0, 0)
        filesize    : 356
        description : 'rainevent'
    Picture:
        filename    : '2.JPG'
        timestamp   : datetime.datetime(2016, 2, 1, 12, 0)
        filesize    : 356
        description : 'outside'
    Picture:
        filename    : '3.JPG'
        timestamp   : None
        filesize    : 356
        description : 'manhole'

DEBUG    eawag.datapool  called check for site test_site
INFO     eawag.datapool  called commit for site test_site
DEBUG    eawag.datapool  add new site row <SiteDbo name=test_site, city=Schacht 24G3S, Mischsystem, x=580000, y=255300, z=455.3, description=All the details of the site.All the details the site.All the details of the site.All the details of the site.All the details of the site.All the details of the site.All the details of the site.>
site row after update: <SiteDbo name=test_site, city=Schacht 24G3S, Mischsystem, x=580000, y=255300, z=455.3, description=All the details of the site.All the details the site.All the details of the site.All the details of the site.All the details of the site.All the details of the site.All the details of the site.>
SiteDbo test_site:
    street      : 'Flensburger Straße'
    city        : 'Schacht 24G3S, Mischsystem'
    x, y, z     : '580000', '255300', '455.3'
    description : All the details of the site.All the details the site.All the details of the site.All the details of the site.All the details of the site.All the details of the site.All the details of the site.
    PictureDbo:
        filename    : '1.jpg'
        timestamp   : datetime.datetime(2016, 1, 1, 0, 0)
        filesize    : 356
        description : 'rainevent'
    PictureDbo:
        filename    : '2.JPG'
        timestamp   : datetime.datetime(2016, 2, 1, 12, 0)
        filesize    : 356
        description : 'outside'
    PictureDbo:
        filename    : '3.JPG'
        timestamp   : None
        filesize    : 356
        description : 'manhole'

INFO     eawag.datapool  use parse_site to parse all files from <tmpdir>/landing_zone
INFO     eawag.datapool  load <tmpdir>/landing_zone/sites/example_site/site.yaml
site object read from yaml:
Site test_site:
    street      : 'Flensburger Straße'
    city        : 'Schacht 24G3S, Mischsystem'
    x, y, z     : '999', '222', '666'
    description : All the details of the site.All the details the site.All the details of the site.All the details of the site.All the details of the site.All the details of the site.All the details of the site. Modifeid this
    Picture:
        filename    : '1.jpg'
        timestamp   : datetime.datetime(2016, 1, 1, 0, 0)
        filesize    : 356
        description : 'rainevent'
    Picture:
        filename    : '2.JPG'
        timestamp   : datetime.datetime(2016, 2, 1, 12, 0)
        filesize    : 356
        description : 'outside'
    Picture:
        filename    : '3.JPG'
        timestamp   : None
        filesize    : 356
        description : 'manholeD1'
DEBUG    eawag.datapool  called check for site test_site
DEBUG    eawag.datapool  site with same name <SiteDbo name=test_site, city=Schacht 24G3S, Mischsystem, x=580000, y=255300, z=455.3, description=All the details of the site.All the details the site.All the details of the site.All the details of the site.All the details of the site.All the details of the site.All the details of the site.> already exists
ERROR    eawag.datapool  detected site modifications. existing site:
ERROR    eawag.datapool  SiteDbo test_site:
ERROR    eawag.datapool      street      : 'Flensburger Straße'
ERROR    eawag.datapool      city        : 'Schacht 24G3S, Mischsystem'
ERROR    eawag.datapool      x, y, z     : '580000', '255300', '455.3'
ERROR    eawag.datapool      description : All the details of the site.All the details the site.All the details of the site.All the details of the site.All the details of the site.All the details of the site.All the details of the site.
ERROR    eawag.datapool      PictureDbo:
ERROR    eawag.datapool          filename    : '1.jpg'
ERROR    eawag.datapool          timestamp   : datetime.datetime(2016, 1, 1, 0, 0)
ERROR    eawag.datapool          filesize    : 356
ERROR    eawag.datapool          description : 'rainevent'
ERROR    eawag.datapool      PictureDbo:
ERROR    eawag.datapool          filename    : '2.JPG'
ERROR    eawag.datapool          timestamp   : datetime.datetime(2016, 2, 1, 12, 0)
ERROR    eawag.datapool          filesize    : 356
ERROR    eawag.datapool          description : 'outside'
ERROR    eawag.datapool      PictureDbo:
ERROR    eawag.datapool          filename    : '3.JPG'
ERROR    eawag.datapool          timestamp   : None
ERROR    eawag.datapool          filesize    : 356
ERROR    eawag.datapool          description : 'manhole'
ERROR    eawag.datapool  detected site modifications. modified site:
ERROR    eawag.datapool  Site test_site:
ERROR    eawag.datapool      street      : 'Flensburger Straße'
ERROR    eawag.datapool      city        : 'Schacht 24G3S, Mischsystem'
ERROR    eawag.datapool      x, y, z     : '999', '222', '666'
ERROR    eawag.datapool      description : All the details of the site.All the details the site.All the details of the site.All the details of the site.All the details of the site.All the details of the site.All the details of the site. Modifeid this
ERROR    eawag.datapool      Picture:
ERROR    eawag.datapool          filename    : '1.jpg'
ERROR    eawag.datapool          timestamp   : datetime.datetime(2016, 1, 1, 0, 0)
ERROR    eawag.datapool          filesize    : 356
ERROR    eawag.datapool          description : 'rainevent'
ERROR    eawag.datapool      Picture:
ERROR    eawag.datapool          filename    : '2.JPG'
ERROR    eawag.datapool          timestamp   : datetime.datetime(2016, 2, 1, 12, 0)
ERROR    eawag.datapool          filesize    : 356
ERROR    eawag.datapool          description : 'outside'
ERROR    eawag.datapool      Picture:
ERROR    eawag.datapool          filename    : '3.JPG'
ERROR    eawag.datapool          timestamp   : None
ERROR    eawag.datapool          filesize    : 356
ERROR    eawag.datapool          description : 'manholeD1'

check for site update failed, see logs for details

INFO     eawag.datapool  connected to db sqlite+pysqlite:///<tmpdir>/datapool.db
table comment:

   comment_id     signal_id     text     timestamp     author
   ----------     ---------     ----     ---------     ------

table parameter:

   parameter_id     name     description     unit
   ------------     ----     -----------     ----

table parameter_averaging:

   parameter_averaging_id     parameter_id     source_id     integration_length_x     integration_length_y     integration_angle     integration_time
   ----------------------     ------------     ---------     --------------------     --------------------     -----------------     ----------------

table picture:

   picture_id     site_id     filename     description     timestamp               data
   ----------     -------     --------     -----------     -------------------     --------------------------------
   1              1           1.jpg        rainevent       2016-01-01 00:00:00     fab67a552c8d509f899fa6fe710852cf
   2              1           2.JPG        outside         2016-02-01 12:00:00     fab67a552c8d509f899fa6fe710852cf
   3              1           3.JPG        manhole         None                    fab67a552c8d509f899fa6fe710852cf

table project:

   project_id     title     description
   ----------     -----     -----------

table quality:

   quality_id     flag     method
   ----------     ----     ------

table signal:

   signal_id     value     timestamp     parameter_id     source_id     site_id     coord_x     coord_y     coord_z
   ---------     -----     ---------     ------------     ---------     -------     -------     -------     -------

table signal_quality:

   signal_quality_id     signal_id     quality_id     timestamp     author
   -----------------     ---------     ----------     ---------     ------

table site:

   site_id     name          description                                  street                 postcode     city                           coord_x     coord_y     coord_z
   -------     ---------     ----------------------------------------     ------------------     --------     --------------------------     -------     -------     -------
   1           test_site     All the details of the site.All the deta     Flensburger Straße     None         Schacht 24G3S, Mischsystem     580000      255300      455.3
                             ils the site.All the details of the site
                             .All the details of the site.All the det
                             ails of the site.All the details of the
                             site.All the details of the site.

table source:

   source_id     source_type_id     name     description     serial     manufacturer     manufacturing_date
   ---------     --------------     ----     -----------     ------     ------------     ------------------

table source_type:

   source_type_id     name     description
   --------------     ----     -----------

table special_value_definition:

   special_value_definition_id     source_type_id     description     categorical_value     numerical_value
   ---------------------------     --------------     -----------     -----------------     ---------------

