INFO     eawag.datapool  use parse_site to parse all files from <tmpdir>/landing_zone
INFO     eawag.datapool  load <tmpdir>/landing_zone/sites/example_site/site.yaml
WARNING  eawag.datapool  sites/example_site/site.yaml: picture images/NONEXISTING_NAME.png does not exist
WARNING  eawag.datapool  sites/example_site/site.yaml: picture images/IMG_0312.JPG does not exist
picture images/NONEXISTING_NAME.png does not exist
picture images/IMG_0312.JPG does not exist
