INFO     eawag.datapool  connected to db sqlite+pysqlite:///<tmpdir>/datapool.db
INFO     eawag.datapool  message: no conversion script found next to data/FloDar/FloDar_python/raw_data/data-001.raw
