INFO     eawag.datapool  connected to db sqlite+pysqlite:///<tmpdir>/datapool.db
INFO     eawag.datapool  message: created folder <tmpdir>/backup_landing_zone/data/FloDar/FloDar_python
INFO     eawag.datapool  message: copied data/FloDar/FloDar_python/conversion.py to <tmpdir>/backup_landing_zone/data/FloDar/FloDar_python/conversion.py.NOW
INFO     eawag.datapool  convert data/FloDar/FloDar_python/raw_data/data-001.raw with data/FloDar/FloDar_python/conversion.py
ERROR    eawag.datapool  converting data/FloDar/FloDar_python/raw_data/data-001.raw with data/FloDar/FloDar_python/conversion.py failed: 'executable in section python is not configured'
INFO     eawag.datapool  message: convert data/FloDar/FloDar_python/raw_data/data-001.raw with data/FloDar/FloDar_python/conversion.py
INFO     eawag.datapool  message: converting data/FloDar/FloDar_python/raw_data/data-001.raw with data/FloDar/FloDar_python/conversion.py failed: 'executable in section python is not configured'
INFO     eawag.datapool  message: created folder <tmpdir>/backup_landing_zone/data/FloDar/FloDar_python/raw_data
INFO     eawag.datapool  message: copied data/FloDar/FloDar_python/raw_data/data-001.raw to <tmpdir>/backup_landing_zone/data/FloDar/FloDar_python/raw_data/data-001.raw.NOW
