INFO     eawag.datapool  connected to db sqlite+pysqlite:///<tmpdir>/datapool.db
INFO     eawag.datapool  message: multiple conversion scripts found for data/FloDar/FloDar_python/raw_data/data-001.raw
