INFO     eawag.datapool  connected to db sqlite+pysqlite:///<tmpdir>/datapool.db
INFO     eawag.datapool  load <tmpdir>/landing_zone/data/parameters.yaml
WARNING  eawag.datapool  file <tmpdir>/landing_zone/data/parameters.yaml is empty
INFO     eawag.datapool  message: when parsing data/parameters.yaml: file <tmpdir>/landing_zone/data/parameters.yaml is empty
