INFO     eawag.datapool  use parse_site to parse all files from <tmpdir>/landing_zone
INFO     eawag.datapool  load <tmpdir>/landing_zone/sites/example_site/site.yaml
WARNING  eawag.datapool  sites/example_site/site.yaml: picture images/1.jpg does not exist
picture images/1.jpg does not exist
