INFO     eawag.datapool  use parse_source to parse all files from <tmpdir>/landing_zone
INFO     eawag.datapool  load <tmpdir>/landing_zone/data/FloDar/FloDar_python/source.yaml
INFO     eawag.datapool  load <tmpdir>/landing_zone/data/FloDar/source_type.yaml
WARNING  eawag.datapool  data/FloDar/FloDar_python/source.yaml: aveaging entry 3 is not a mapping
WARNING  eawag.datapool  data/FloDar/FloDar_python/source.yaml: field 'description' is not set in data/FloDar/FloDar_python/source.yaml
WARNING  eawag.datapool  data/FloDar/FloDar_python/source.yaml: entry manufacturing_date is not a valid date
WARNING  eawag.datapool  data/FloDar/FloDar_python/source.yaml: item 1 listed in avaraging section has no entry 'parameter'
WARNING  eawag.datapool  data/FloDar/FloDar_python/source.yaml: at least one averaging value must be set for 'Temperature'
aveaging entry 3 is not a mapping
field 'description' is not set in data/FloDar/FloDar_python/source.yaml
entry manufacturing_date is not a valid date
item 1 listed in avaraging section has no entry 'parameter'
at least one averaging value must be set for 'Temperature'
