INFO     eawag.datapool  use parse_parameters to parse all files from <tmpdir>/landing_zone
INFO     eawag.datapool  load <tmpdir>/landing_zone/data/parameters.yaml
WARNING  eawag.datapool  file <tmpdir>/landing_zone/data/parameters.yaml is empty
file <tmpdir>/landing_zone/data/parameters.yaml is empty
