INFO     eawag.datapool  connected to db sqlite+pysqlite:///<tmpdir>/datapool.db
INFO     eawag.datapool  load <tmpdir>/landing_zone/sites/example_site/site.yaml
DEBUG    eawag.datapool  called check for site test_site
INFO     eawag.datapool  called commit for site test_site
DEBUG    eawag.datapool  add new site row <SiteDbo name=test_site, city=Schacht 24G3S, Mischsystem, x=580000, y=255300, z=455.3, description=All the details of the site.All the details the site.All the details of the site.All the details of the site.All the details of the site.All the details of the site.All the details of the site.>
INFO     eawag.datapool  message: commited changes
INFO     eawag.datapool  load <tmpdir>/landing_zone/data/parameters.yaml
INFO     eawag.datapool  number of parameters found: 14
INFO     eawag.datapool  called _commit for parameter Absorbance 200.00_nm
DEBUG    eawag.datapool  add new parameter row <ParameterDbo name=Absorbance 200.00_nm, unit=m-1, description=absorbance at 200.00 nm wavelength>
INFO     eawag.datapool  called _commit for parameter Absorbance 202.50_nm
DEBUG    eawag.datapool  add new parameter row <ParameterDbo name=Absorbance 202.50_nm, unit=m-1, description=absorbance at 202.50 nm wavelength>
INFO     eawag.datapool  called _commit for parameter Average Flow Velocity
DEBUG    eawag.datapool  add new parameter row <ParameterDbo name=Average Flow Velocity, unit=m/s, description=None>
INFO     eawag.datapool  called _commit for parameter Battery Voltage
DEBUG    eawag.datapool  add new parameter row <ParameterDbo name=Battery Voltage, unit=V, description=None>
INFO     eawag.datapool  called _commit for parameter Distance
DEBUG    eawag.datapool  add new parameter row <ParameterDbo name=Distance, unit=km, description=None>
INFO     eawag.datapool  called _commit for parameter Distance Reading Count
DEBUG    eawag.datapool  add new parameter row <ParameterDbo name=Distance Reading Count, unit=1, description=None>
INFO     eawag.datapool  called _commit for parameter Flow
DEBUG    eawag.datapool  add new parameter row <ParameterDbo name=Flow, unit=m/s, description=None>
INFO     eawag.datapool  called _commit for parameter Number of Samples
DEBUG    eawag.datapool  add new parameter row <ParameterDbo name=Number of Samples, unit=1, description=None>
INFO     eawag.datapool  called _commit for parameter Peak to Mean Ratio
DEBUG    eawag.datapool  add new parameter row <ParameterDbo name=Peak to Mean Ratio, unit=1, description=None>
INFO     eawag.datapool  called _commit for parameter Surcharge Level
DEBUG    eawag.datapool  add new parameter row <ParameterDbo name=Surcharge Level, unit=m, description=None>
INFO     eawag.datapool  called _commit for parameter Surface Flow Velocity
DEBUG    eawag.datapool  add new parameter row <ParameterDbo name=Surface Flow Velocity, unit=m/s, description=None>
INFO     eawag.datapool  called _commit for parameter Temperature
DEBUG    eawag.datapool  add new parameter row <ParameterDbo name=Temperature, unit=C, description=None>
INFO     eawag.datapool  called _commit for parameter Water Level
DEBUG    eawag.datapool  add new parameter row <ParameterDbo name=Water Level, unit=m, description=None>
INFO     eawag.datapool  called _commit for parameter rain intensity
DEBUG    eawag.datapool  add new parameter row <ParameterDbo name=rain intensity, unit=mm/h, description=None>
INFO     eawag.datapool  message: commited changes
INFO     eawag.datapool  load <tmpdir>/landing_zone/data/FloDar/source_type.yaml
DEBUG    eawag.datapool  called commit for source_type FloDar
INFO     eawag.datapool  called _commit for source_type FloDar
DEBUG    eawag.datapool  add new source_type row <SourceTypeDbo name=FloDar, description=description of FloDar>
INFO     eawag.datapool  message: commited changes
INFO     eawag.datapool  load <tmpdir>/landing_zone/data/FloDar/FloDar_python/source.yaml
INFO     eawag.datapool  load <tmpdir>/landing_zone/data/FloDar/source_type.yaml
DEBUG    eawag.datapool  called commit for source flodar_python
DEBUG    eawag.datapool  added new averaging:
DEBUG    eawag.datapool  ParameterAveraging:
DEBUG    eawag.datapool      parameter            : 'Temperature'
DEBUG    eawag.datapool      integration_length_x : None
DEBUG    eawag.datapool      integration_length_y : None
DEBUG    eawag.datapool      integration_angle    : None
DEBUG    eawag.datapool      integration_time     : 3600
DEBUG    eawag.datapool  added new averaging:
DEBUG    eawag.datapool  ParameterAveraging:
DEBUG    eawag.datapool      parameter            : 'Distance'
DEBUG    eawag.datapool      integration_length_x : 100
DEBUG    eawag.datapool      integration_length_y : None
DEBUG    eawag.datapool      integration_angle    : None
DEBUG    eawag.datapool      integration_time     : None
DEBUG    eawag.datapool  add new source_dbo <SourceDbo name=flodar_python, serial=1234567-980-3, description=source_description>
INFO     eawag.datapool  message: commited changes
INFO     eawag.datapool  message: created folder <tmpdir>/backup_landing_zone/data/FloDar/FloDar_python
INFO     eawag.datapool  message: copied data/FloDar/FloDar_python/conversion.py to <tmpdir>/backup_landing_zone/data/FloDar/FloDar_python/conversion.py.NOW
INFO     eawag.datapool  convert data/FloDar/FloDar_python/raw_data/data-001.raw with data/FloDar/FloDar_python/conversion.py
INFO     eawag.datapool  timing: converting data/FloDar/FloDar_python/raw_data/data-001.raw needed <TIME> seconds
INFO     eawag.datapool  load <tmpdir>/landing_zone/data/FloDar/FloDar_python/source.yaml
INFO     eawag.datapool  load <tmpdir>/landing_zone/data/FloDar/source_type.yaml
INFO     eawag.datapool  checked 14558 signals, needed <TIME> seconds
INFO     eawag.datapool  commited 14558 signals, needed <TIME> seconds
INFO     eawag.datapool  message: convert data/FloDar/FloDar_python/raw_data/data-001.raw with data/FloDar/FloDar_python/conversion.py
INFO     eawag.datapool  message: timing: converting data/FloDar/FloDar_python/raw_data/data-001.raw needed <TIME> seconds
INFO     eawag.datapool  message: checked 14558 signals, needed <TIME> seconds
INFO     eawag.datapool  message: commited 14558 signals, needed <TIME> seconds
INFO     eawag.datapool  message: created folder <tmpdir>/backup_landing_zone/data/FloDar/FloDar_python/raw_data
INFO     eawag.datapool  message: copied data/FloDar/FloDar_python/raw_data/data-001.raw to <tmpdir>/backup_landing_zone/data/FloDar/FloDar_python/raw_data/data-001.raw.NOW
table comment:

   comment_id     signal_id     text     timestamp     author
   ----------     ---------     ----     ---------     ------

table parameter:

   parameter_id     name                       description                            unit
   ------------     ----------------------     ----------------------------------     ----
   1                Absorbance 200.00_nm       absorbance at 200.00 nm wavelength     m-1
   2                Absorbance 202.50_nm       absorbance at 202.50 nm wavelength     m-1
   3                Average Flow Velocity      None                                   m/s
   4                Battery Voltage            None                                   V
   5                Distance                   None                                   km
   6                Distance Reading Count     None                                   1
   7                Flow                       None                                   m/s
   8                Number of Samples          None                                   1
   9                Peak to Mean Ratio         None                                   1
   10               Surcharge Level            None                                   m
   11               Surface Flow Velocity      None                                   m/s
   12               Temperature                None                                   C
   13               Water Level                None                                   m
   14               rain intensity             None                                   mm/h

table parameter_averaging:

   parameter_averaging_id     parameter_id     source_id     integration_length_x     integration_length_y     integration_angle     integration_time
   ----------------------     ------------     ---------     --------------------     --------------------     -----------------     ----------------
   1                          12               1             None                     None                     None                  3600.0
   2                          5                1             100.0                    None                     None                  None

table picture:

   picture_id     site_id     filename     description     timestamp               data
   ----------     -------     --------     -----------     -------------------     --------------------------------
   1              1           1.jpg        rainevent       2016-01-01 00:00:00     fab67a552c8d509f899fa6fe710852cf
   2              1           2.JPG        outside         2016-02-01 12:00:00     fab67a552c8d509f899fa6fe710852cf
   3              1           3.JPG        manhole         None                    fab67a552c8d509f899fa6fe710852cf

table project:

   project_id     title     description
   ----------     -----     -----------

table quality:

   quality_id     flag     method
   ----------     ----     ------

table signal:

   signal_id     value      timestamp               parameter_id     source_id     site_id     coord_x     coord_y     coord_z
   ---------     ------     -------------------     ------------     ---------     -------     -------     -------     -------
   1             159.25     2013-11-13 10:06:00     13               1             None        682558      239404
   2             157.5      2013-11-13 10:08:00     13               1             None        682558      239404
   3             155.75     2013-11-13 10:10:00     13               1             None        682558      239404
   4             160.24     2013-11-13 10:12:00     13               1             None        682558      239404
   5             164.91     2013-11-13 10:14:00     13               1             None        682558      239404
   6             165.98     2013-11-13 10:16:00     13               1             None        682558      239404
   7             164.91     2013-11-13 10:18:00     13               1             None        682558      239404
   8             161.74     2013-11-13 10:20:00     13               1             None        682558      239404
   9             156.25     2013-11-13 10:22:00     13               1             None        682558      239404
   10            151.02     2013-11-13 10:24:00     13               1             None        682558      239404
   11            149.77     2013-11-13 10:26:00     13               1             None        682558      239404
   12            145.6      2013-11-13 10:28:00     13               1             None        682558      239404
   skipped 14533 rows ...
   14547         13.17      2013-11-14 23:00:00     4                1             None        682558      239404
   14548         13.16      2013-11-15 00:00:00     4                1             None        682558      239404
   14549         13.15      2013-11-15 01:00:00     4                1             None        682558      239404
   14550         13.16      2013-11-15 02:00:00     4                1             None        682558      239404
   14551         13.11      2013-11-15 03:00:00     4                1             None        682558      239404
   14552         13.15      2013-11-15 04:00:00     4                1             None        682558      239404
   14553         13.12      2013-11-15 05:00:00     4                1             None        682558      239404
   14554         13.15      2013-11-15 06:00:00     4                1             None        682558      239404
   14555         13.12      2013-11-15 07:00:00     4                1             None        682558      239404
   14556         13.14      2013-11-15 08:00:00     4                1             None        682558      239404
   14557         13.14      2013-11-15 09:00:00     4                1             None        682558      239404
   14558         13.14      2013-11-15 10:00:00     4                1             None        682558      239404

table signal_quality:

   signal_quality_id     signal_id     quality_id     timestamp     author
   -----------------     ---------     ----------     ---------     ------

table site:

   site_id     name          description                                  street                 postcode     city                           coord_x     coord_y     coord_z
   -------     ---------     ----------------------------------------     ------------------     --------     --------------------------     -------     -------     -------
   1           test_site     All the details of the site.All the deta     Flensburger Straße     None         Schacht 24G3S, Mischsystem     580000      255300      455.3
                             ils the site.All the details of the site
                             .All the details of the site.All the det
                             ails of the site.All the details of the
                             site.All the details of the site.

table source:

   source_id     source_type_id     name              description            serial            manufacturer          manufacturing_date
   ---------     --------------     -------------     ------------------     -------------     -----------------     ------------------
   1             1                  flodar_python     source_description     1234567-980-3     manufacturer_name     2016-11-22

table source_type:

   source_type_id     name       description
   --------------     ------     ---------------------
   1                  FloDar     description of FloDar

table special_value_definition:

   special_value_definition_id     source_type_id     description      categorical_value     numerical_value
   ---------------------------     --------------     ------------     -----------------     ---------------
   1                               1                  not a number     NA                    -1.0
   2                               1                                   INF                   -2.0

