[('parameter', 'water level'), ('timestamp', datetime.datetime(2016, 1, 1, 12, 13)), ('value', 123.45), ('x', '10'), ('y', '10'), ('z', '')]
[('parameter', 'water level'), ('timestamp', datetime.datetime(2016, 1, 2, 23, 0, 59)), ('value', 0.0), ('x', '10'), ('y', '20'), ('z', '')]
