INFO     eawag.datapool  use parse_source_type to parse all files from <tmpdir>/landing_zone
INFO     eawag.datapool  load <tmpdir>/landing_zone/data/FloDar/source_type.yaml
WARNING  eawag.datapool  file <tmpdir>/landing_zone/data/FloDar/source_type.yaml is empty
file <tmpdir>/landing_zone/data/FloDar/source_type.yaml is empty
