INFO     eawag.datapool  use parse_source to parse all files from <tmpdir>/landing_zone
INFO     eawag.datapool  load <tmpdir>/landing_zone/data/FloDar/FloDar_python/source.yaml
WARNING  eawag.datapool  file <tmpdir>/landing_zone/data/FloDar/FloDar_python/source.yaml is empty
file <tmpdir>/landing_zone/data/FloDar/FloDar_python/source.yaml is empty
