README
datapool/datapool.ini
datapool/logging_config.yaml
