 Fermi distribution function
 
 Calculation with static geometry
 

********************************************************************************
  iSCC Total electronic   Diff electronic      SCC error    
    1   -0.25913963E+01    0.00000000E+00    0.83650547E-01
********************************************************************************
 

 Net atomic charges (e)
  Atom       Net charge
     1      -0.00000000
     2      -0.00000000
 
 COMPONENT = q
  
 Eigenvalues /H
   -0.52915649   -0.52931125   -0.52977198   -0.53052823   -0.53156359   -0.53285684   -0.53438341   -0.53611677
   ...
    4.33040911    4.30311374    4.27594912    4.24925738    4.22339976    4.19875661    4.17572653    4.15472497
    4.13618467    4.12056552    4.10839264    4.10030335    4.09655789    4.09572720
 
 Eigenvalues /eV
  -14.39908069  -14.40329208  -14.41582896  -14.43640770  -14.46458117  -14.49977224  -14.54131231  -14.58847949
  ...
  117.83642737  117.09368248  116.35449558  115.62817637  114.92455468  114.25398057  113.62730025  113.05581871
  112.55131129  112.12629272  111.79505189  111.57493106  111.47301195  111.45040758
 
 Fillings
     1.00000     1.00000     1.00000     1.00000     1.00000     1.00000     1.00000     1.00000
     ...
     0.00000     0.00000     0.00000     0.00000     0.00000     0.00000     0.00000     0.00000
     0.00000     0.00000     0.00000     0.00000     0.00000     0.00000
 
 Nr. of electrons (q):      8.00000000
 
 Atom populations (q)
  Atom       Population
     1       4.00000000
     2       4.00000000
 
 l-shell populations (q)
  Atom Sh.   l       Population
     1   1   0       1.27023003
     1   2   1       2.49296375
     1   3   2       0.23680623
     2   1   0       1.27023003
     2   2   1       2.49296375
     2   3   2       0.23680623
 
 Orbital populations (q)
  Atom Sh.   l   m       Population
     1   1   0   0       1.27023003
     1   2   1  -1       0.84602247
     1   2   1   0       0.88464871
     1   2   1   1       0.76229256
     1   3   2  -2       0.07483345
     1   3   2  -1       0.07560358
     1   3   2   0       0.00945390
     1   3   2   1       0.06789212
     1   3   2   2       0.00902317
     2   1   0   0       1.27023003
     2   2   1  -1       0.84602247
     2   2   1   0       0.88464871
     2   2   1   1       0.76229256
     2   3   2  -2       0.07483345
     2   3   2  -1       0.07560358
     2   3   2   0       0.00945390
     2   3   2   1       0.06789212
     2   3   2   2       0.00902317
 
 Nr. of electrons (x):      0.00000000
 
 Atom populations (x)
  Atom       Population
     1       0.00021300
     2      -0.00021300
 
 l-shell populations (x)
  Atom Sh.   l       Population
     1   1   0      -0.00010195
     1   2   1       0.00031197
     1   3   2       0.00000297
     2   1   0       0.00010195
     2   2   1      -0.00031197
     2   3   2      -0.00000297
 
 Orbital populations (x)
  Atom Sh.   l   m       Population
     1   1   0   0      -0.00010195
     1   2   1  -1       0.00069020
     1   2   1   0      -0.00066036
     1   2   1   1       0.00028213
     1   3   2  -2       0.00031036
     1   3   2  -1      -0.00005790
     1   3   2   0       0.00001191
     1   3   2   1      -0.00024546
     1   3   2   2      -0.00001594
     2   1   0   0       0.00010195
     2   2   1  -1      -0.00069020
     2   2   1   0       0.00066036
     2   2   1   1      -0.00028213
     2   3   2  -2      -0.00031036
     2   3   2  -1       0.00005790
     2   3   2   0      -0.00001191
     2   3   2   1       0.00024546
     2   3   2   2       0.00001594
 
 Nr. of electrons (y):      0.00000000
 
 Atom populations (y)
  Atom       Population
     1       0.00009242
     2      -0.00009242
 
 l-shell populations (y)
  Atom Sh.   l       Population
     1   1   0      -0.00003724
     1   2   1       0.00012025
     1   3   2       0.00000941
     2   1   0       0.00003724
     2   2   1      -0.00012025
     2   3   2      -0.00000941
 
 Orbital populations (y)
  Atom Sh.   l   m       Population
     1   1   0   0      -0.00003724
     1   2   1  -1       0.00008264
     1   2   1   0       0.00015535
     1   2   1   1      -0.00011775
     1   3   2  -2      -0.00006988
     1   3   2  -1       0.00008043
     1   3   2   0       0.00000297
     1   3   2   1      -0.00000107
     1   3   2   2      -0.00000304
     2   1   0   0       0.00003724
     2   2   1  -1      -0.00008264
     2   2   1   0      -0.00015535
     2   2   1   1       0.00011775
     2   3   2  -2       0.00006988
     2   3   2  -1      -0.00008043
     2   3   2   0      -0.00000297
     2   3   2   1       0.00000107
     2   3   2   2       0.00000304
 
 Nr. of electrons (z):     -0.00000000
 
 Atom populations (z)
  Atom       Population
     1      -0.00035973
     2       0.00035973
 
 l-shell populations (z)
  Atom Sh.   l       Population
     1   1   0       0.00013918
     1   2   1      -0.00044737
     1   3   2      -0.00005154
     2   1   0      -0.00013918
     2   2   1       0.00044737
     2   3   2       0.00005154
 
 Orbital populations (z)
  Atom Sh.   l   m       Population
     1   1   0   0       0.00013918
     1   2   1  -1      -0.00039883
     1   2   1   0      -0.00035724
     1   2   1   1       0.00030871
     1   3   2  -2       0.00005303
     1   3   2  -1      -0.00023438
     1   3   2   0       0.00002843
     1   3   2   1       0.00013643
     1   3   2   2      -0.00003504
     2   1   0   0      -0.00013918
     2   2   1  -1       0.00039883
     2   2   1   0       0.00035724
     2   2   1   1      -0.00030871
     2   3   2  -2      -0.00005303
     2   3   2  -1       0.00023438
     2   3   2   0      -0.00002843
     2   3   2   1      -0.00013643
     2   3   2   2       0.00003504
 
 Fermi energy:                      -0.1125302966 H           -3.0621 eV
 Band energy:                       -2.5913962771 H          -70.5155 eV
 TS:                                 0.0000000000 H            0.0000 eV
 Band free energy (E-TS):           -2.5913962771 H          -70.5155 eV
 Extrapolated E(0K):                -2.5913962771 H          -70.5155 eV
 Input/Output electrons (q):      8.00000000      8.00000000
 
 Energy H0:                         -2.5913768023 H          -70.5150 eV
 Energy SCC:                        -0.0000000000 H           -0.0000 eV
 Energy L.S:                        -0.0000194747 H           -0.0005 eV
 Total Electronic energy:           -2.5913962771 H          -70.5155 eV
 Repulsive energy:                   0.0000000000 H            0.0000 eV
 Total energy:                      -2.5913962771 H          -70.5155 eV
 Total Mermin free energy:          -2.5913962771 H          -70.5155 eV
 
 SCC is NOT converged, maximal SCC iterations exceeded
 
