loss_type,unit,mean,stddev
structural,USD,3.300000E+02,1.376975E+03
