asset_ref,taxonomy,lon,lat,structural~no_damage_mean,structural~no_damage_stdv,structural~LS1_mean,structural~LS1_stdv,structural~LS2_mean,structural~LS2_stdv
a1,"RM",81.29850,29.10980,2.914782E+03,1.157573E+02,8.456845E+01,1.144381E+02,6.498612E-01,1.339024E+00
a2,"RC",83.08230,27.90060,6.331636E+01,6.249870E+01,6.327216E+02,3.129467E+02,3.039621E+02,3.571690E+02
a3,"W",85.74770,27.90150,6.430665E+02,5.897999E+02,1.039888E+03,2.799830E+02,3.170457E+02,4.152660E+02
