asset_ref,taxonomy,lon,lat,structural~no_damage_mean,structural~no_damage_stdv,structural~LS1_mean,structural~LS1_stdv,structural~LS2_mean,structural~LS2_stdv
a1,"RM",15.48000,38.09000,1.251988E+03,9.134298E+02,1.161626E+03,5.434237E+02,5.863855E+02,7.617387E+02
a3,"RM",15.48000,38.25000,1.222649E+02,1.544633E+02,3.722088E+02,1.728388E+02,5.055263E+02,2.924344E+02
a2,"RC",15.56000,38.17000,6.805431E+02,6.953335E+02,9.503900E+02,3.905551E+02,3.690670E+02,3.673386E+02
