Tập thể
lãnh đạo
Sở Xây dựng
không
thực hiện
nghiêm túc
việc
đánh giá
toàn diện
cán bộ
trước
khi
đưa
vào
quy hoạch
,
tạo
dư luận
không
tốt
.
Việc
chưa
báo cáo
về
Sở Nội vụ
và
không
công khai
việc
bà
Trần
Vũ Quỳnh
Anh
thôi việc
ngày
23/9/2016
thuộc
trách nhiệm
của
Giám đốc
Sở Xây dựng
tỉnh
Thanh Hoá
.
