 Fermi distribution function
 
 Calculation with static geometry
 

********************************************************************************
  iSCC Total electronic   Diff electronic      SCC error    
    5   -0.30995549E+01   -0.44408921E-15    0.30198066E-13
********************************************************************************
 

 Net atomic charges (e)
  Atom       Net charge
     1       0.00000000
     2       0.00000000
 
 COMPONENT = q
  
 Eigenvalues /H
   -0.69670984   -0.68836619   -0.66954743   -0.64220583   -0.62879689   -0.65167182   -0.67691445   -0.69242295
    ...
    6.50153720    6.38935051    6.18035889    6.10361111    6.30304706    6.49779840    6.66685446    6.59865118
 
 Eigenvalues /eV
  -18.95843924  -18.73139710  -18.21931257  -17.47530981  -17.11043399  -17.73289233  -18.41977934  -18.84178714
  ...
  176.91582854  173.86307354  168.17612220  166.08770885  171.51463716  176.81409074  181.41434008  179.55843453
 
 Fillings
     1.00000     1.00000     1.00000     1.00000     1.00000     1.00000     1.00000     1.00000
     ...
     0.00000     0.00000     0.00000     0.00000     0.00000     0.00000     0.00000     0.00000
 
 Nr. of electrons (q):      8.00000000
 
 Atom populations (q)
  Atom       Population
     1       4.00000000
     2       4.00000000
 
 l-shell populations (q)
  Atom Sh.   l       Population
     1   1   0       1.24873735
     1   2   1       2.56049028
     1   3   2       0.19077238
     2   1   0       1.24873735
     2   2   1       2.56049028
     2   3   2       0.19077238
 
 Orbital populations (q)
  Atom Sh.   l   m       Population
     1   1   0   0       1.24873735
     1   2   1  -1       0.85349676
     1   2   1   0       0.85349676
     1   2   1   1       0.85349676
     1   3   2  -2       0.06585988
     1   3   2  -1       0.06585988
     1   3   2   0      -0.00340363
     1   3   2   1       0.06585988
     1   3   2   2      -0.00340363
     2   1   0   0       1.24873735
     2   2   1  -1       0.85349676
     2   2   1   0       0.85349676
     2   2   1   1       0.85349676
     2   3   2  -2       0.06585988
     2   3   2  -1       0.06585988
     2   3   2   0      -0.00340363
     2   3   2   1       0.06585988
     2   3   2   2      -0.00340363
 
 Nr. of electrons (x):      0.00000000
 
 Atom populations (x)
  Atom       Population
     1       0.00000000
     2       0.00000000
 
 l-shell populations (x)
  Atom Sh.   l       Population
     1   1   0       0.00000000
     1   2   1       0.00000000
     1   3   2       0.00000000
     2   1   0       0.00000000
     2   2   1       0.00000000
     2   3   2       0.00000000
 
 Orbital populations (x)
  Atom Sh.   l   m       Population
     1   1   0   0       0.00000000
     1   2   1  -1       0.00000000
     1   2   1   0       0.00000000
     1   2   1   1       0.00000000
     1   3   2  -2       0.00000000
     1   3   2  -1       0.00000000
     1   3   2   0       0.00000000
     1   3   2   1       0.00000000
     1   3   2   2       0.00000000
     2   1   0   0       0.00000000
     2   2   1  -1       0.00000000
     2   2   1   0       0.00000000
     2   2   1   1       0.00000000
     2   3   2  -2       0.00000000
     2   3   2  -1       0.00000000
     2   3   2   0       0.00000000
     2   3   2   1       0.00000000
     2   3   2   2       0.00000000
 
 Nr. of electrons (y):      0.00000000
 
 Atom populations (y)
  Atom       Population
     1       0.00000000
     2       0.00000000
 
 l-shell populations (y)
  Atom Sh.   l       Population
     1   1   0       0.00000000
     1   2   1       0.00000000
     1   3   2       0.00000000
     2   1   0       0.00000000
     2   2   1       0.00000000
     2   3   2       0.00000000
 
 Orbital populations (y)
  Atom Sh.   l   m       Population
     1   1   0   0       0.00000000
     1   2   1  -1       0.00000000
     1   2   1   0       0.00000000
     1   2   1   1       0.00000000
     1   3   2  -2       0.00000000
     1   3   2  -1       0.00000000
     1   3   2   0       0.00000000
     1   3   2   1       0.00000000
     1   3   2   2       0.00000000
     2   1   0   0       0.00000000
     2   2   1  -1       0.00000000
     2   2   1   0       0.00000000
     2   2   1   1       0.00000000
     2   3   2  -2       0.00000000
     2   3   2  -1       0.00000000
     2   3   2   0       0.00000000
     2   3   2   1       0.00000000
     2   3   2   2       0.00000000
 
 Nr. of electrons (z):      0.00000000
 
 Atom populations (z)
  Atom       Population
     1       0.00000000
     2       0.00000000
 
 l-shell populations (z)
  Atom Sh.   l       Population
     1   1   0       0.00000000
     1   2   1       0.00000000
     1   3   2       0.00000000
     2   1   0       0.00000000
     2   2   1       0.00000000
     2   3   2       0.00000000
 
 Orbital populations (z)
  Atom Sh.   l   m       Population
     1   1   0   0       0.00000000
     1   2   1  -1       0.00000000
     1   2   1   0       0.00000000
     1   2   1   1       0.00000000
     1   3   2  -2       0.00000000
     1   3   2  -1       0.00000000
     1   3   2   0       0.00000000
     1   3   2   1       0.00000000
     1   3   2   2       0.00000000
     2   1   0   0       0.00000000
     2   2   1  -1       0.00000000
     2   2   1   0       0.00000000
     2   2   1   1       0.00000000
     2   3   2  -2       0.00000000
     2   3   2  -1       0.00000000
     2   3   2   0       0.00000000
     2   3   2   1       0.00000000
     2   3   2   2       0.00000000
 
 Fermi energy:                      -0.2452370678 H           -6.6732 eV
 Band energy:                       -3.6906045192 H         -100.4265 eV
 TS:                                 0.0000000000 H            0.0000 eV
 Band free energy (E-TS):           -3.6906045192 H         -100.4265 eV
 Extrapolated E(0K):                -3.6906045192 H         -100.4265 eV
 Input/Output electrons (q):      8.00000000      8.00000000
 
 Energy H0:                         -3.1007532941 H          -84.3758 eV
 Energy SCC:                         0.0012127709 H            0.0330 eV
 Energy L.S:                        -0.0000143415 H           -0.0004 eV
 Total Electronic energy:           -3.0995548647 H          -84.3432 eV
 Repulsive energy:                   0.0000000000 H            0.0000 eV
 Total energy:                      -3.0995548647 H          -84.3432 eV
 Total Mermin free energy:          -3.0995548647 H          -84.3432 eV
 
 SCC converged
 
 
