 Fermi distribution function
 
 Calculation with static geometry
 

********************************************************************************
  iSCC Total electronic   Diff electronic      SCC error    
    1   -0.18641356E+02    0.00000000E+00    0.11330148E+00
********************************************************************************
 

 Net atomic charges (e)
  Atom       Net charge
     1       0.13645668
     2       0.13645668
     3      -0.01196350
     4      -0.09584680
     5      -0.09584680
     6      -0.06925626
 
 COMPONENT = q
  
 Eigenvalues /H
   -1.06983783   -1.07064449   -1.07144571   -1.07224109   -1.07303026   -1.07381282   -1.07458841   -1.07535666
   ...
    4.17221056    4.17204496    4.17192527    4.17185289    4.17182867
 
 Eigenvalues /eV
  -29.11176851  -29.13371877  -29.15552108  -29.17716467  -29.19863896  -29.21993359  -29.24103845  -29.26194368
  ...
  113.53162577  113.52711969  113.52386272  113.52189317  113.52123409
 
 Fillings
     2.00000     2.00000     2.00000     2.00000     2.00000     2.00000     2.00000     2.00000
     ...
     0.00000     0.00000     0.00000     0.00000     0.00000
 
 Nr. of electrons (up):     32.00000000
 Atom populations (up)
  Atom       Population
     1       3.86354332
     2       3.86354332
     3       6.01196350
     4       6.09584680
     5       6.09584680
     6       6.06925626
 
 l-shell populations (up)
  Atom Sh.   l       Population
     1   1   0       0.78986556
     1   2   1       1.66837404
     1   3   2       1.40530372
     2   1   0       0.78986556
     2   2   1       1.66837404
     2   3   2       1.40530372
     3   1   0       1.52015447
     3   2   1       4.49180903
     4   1   0       1.51777955
     4   2   1       4.57806726
     5   1   0       1.51777955
     5   2   1       4.57806726
     6   1   0       1.51838536
     6   2   1       4.55087090
 
 Orbital populations (up)
  Atom Sh.   l   m       Population
     1   1   0   0       0.78986556
     1   2   1  -1       0.56454875
     1   2   1   0       0.54587423
     1   2   1   1       0.55795106
     1   3   2  -2       0.24349524
     1   3   2  -1       0.26512216
     1   3   2   0       0.29231294
     1   3   2   1       0.27996015
     1   3   2   2       0.32441323
     2   1   0   0       0.78986556
     2   2   1  -1       0.56454875
     2   2   1   0       0.54587423
     2   2   1   1       0.55795106
     2   3   2  -2       0.24349524
     2   3   2  -1       0.26512216
     2   3   2   0       0.29231294
     2   3   2   1       0.27996015
     2   3   2   2       0.32441323
     3   1   0   0       1.52015447
     3   2   1  -1       1.49762535
     3   2   1   0       1.49990601
     3   2   1   1       1.49427767
     4   1   0   0       1.51777955
     4   2   1  -1       1.52876456
     4   2   1   0       1.51749514
     4   2   1   1       1.53180756
     5   1   0   0       1.51777955
     5   2   1  -1       1.51521448
     5   2   1   0       1.53104522
     5   2   1   1       1.53180756
     6   1   0   0       1.51838536
     6   2   1  -1       1.52153025
     6   2   1   0       1.52381091
     6   2   1   1       1.50552974
 
 Fermi energy:                       0.0364964093 H            0.9931 eV
 Band energy:                      -20.7183623462 H         -563.7753 eV
 TS:                                 0.0000000000 H            0.0000 eV
 Band free energy (E-TS):          -20.7183623462 H         -563.7753 eV
 Extrapolated E(0K):               -20.7183623462 H         -563.7753 eV
 Input/Output electrons (q):     32.00000000     32.00000000
 
 Energy H0:                        -18.6478107504 H         -507.4327 eV
 Energy SCC:                         0.0064544993 H            0.1756 eV
 Total Electronic energy:          -18.6413562511 H         -507.2571 eV
 Repulsive energy:                   0.0000000000 H            0.0000 eV
 Total energy:                     -18.6413562511 H         -507.2571 eV
 Total Mermin free energy:         -18.6413562511 H         -507.2571 eV
 
 SCC is NOT converged, maximal SCC iterations exceeded
 
