 Fermi distribution function
 
 Calculation with static geometry
 

********************************************************************************
  iSCC Total electronic   Diff electronic      SCC error    
    2   -0.27618829E+01   -0.44408921E-15    0.66613381E-14
********************************************************************************
 

 Net atomic charges (e)
  Atom       Net charge
     1      -0.00000000
     2       0.00000000
 
 COMPONENT = q
  
 Eigenvalues /H
   -0.60502007   -0.60379353   -0.59977338   -0.59230545   -0.58105337   -0.56642512   -0.55000502   -0.53544425
   ...
    4.03198023    4.18349126    4.33226592    4.42781572    4.44637957    4.38526699    4.26252201    4.13283098
 
 Eigenvalues /eV
  -16.46343371  -16.43005777  -16.32066407  -16.11745137  -15.81126666  -15.41321164  -14.96639819  -14.57017934
  ...
  109.71576430  113.83858914  117.88695382  120.48699615  120.99214400  119.32918618  115.98912545  112.46005281
 
 Fillings
     1.00000     1.00000     1.00000     1.00000     1.00000     1.00000     1.00000     1.00000
     ...
     0.00000     0.00000     0.00000     0.00000     0.00000     0.00000     0.00000     0.00000
 
 Nr. of electrons (q):      8.00000000
 
 Atom populations (q)
  Atom       Population
     1       4.00000000
     2       4.00000000
 
 l-shell populations (q)
  Atom Sh.   l       Population
     1   1   0       1.35059301
     1   2   1       2.49625131
     1   3   2       0.15315568
     2   1   0       1.35059301
     2   2   1       2.49625131
     2   3   2       0.15315568
 
 Orbital populations (q)
  Atom Sh.   l   m       Population
     1   1   0   0       1.35059301
     1   2   1  -1       0.83208377
     1   2   1   0       0.83208377
     1   2   1   1       0.83208377
     1   3   2  -2       0.03863677
     1   3   2  -1       0.03863677
     1   3   2   0       0.01862269
     1   3   2   1       0.03863677
     1   3   2   2       0.01862269
     2   1   0   0       1.35059301
     2   2   1  -1       0.83208377
     2   2   1   0       0.83208377
     2   2   1   1       0.83208377
     2   3   2  -2       0.03863677
     2   3   2  -1       0.03863677
     2   3   2   0       0.01862269
     2   3   2   1       0.03863677
     2   3   2   2       0.01862269
 
 Nr. of electrons (x):     -0.00000000
 
 Atom populations (x)
  Atom       Population
     1       0.00000000
     2      -0.00000000
 
 l-shell populations (x)
  Atom Sh.   l       Population
     1   1   0      -0.00000000
     1   2   1       0.00000000
     1   3   2      -0.00000000
     2   1   0      -0.00000000
     2   2   1      -0.00000000
     2   3   2       0.00000000
 
 Orbital populations (x)
  Atom Sh.   l   m       Population
     1   1   0   0      -0.00000000
     1   2   1  -1       0.00000000
     1   2   1   0       0.00000000
     1   2   1   1       0.00000000
     1   3   2  -2       0.00000000
     1   3   2  -1      -0.00000000
     1   3   2   0      -0.00000000
     1   3   2   1      -0.00000000
     1   3   2   2      -0.00000000
     2   1   0   0      -0.00000000
     2   2   1  -1      -0.00000000
     2   2   1   0      -0.00000000
     2   2   1   1      -0.00000000
     2   3   2  -2       0.00000000
     2   3   2  -1       0.00000000
     2   3   2   0      -0.00000000
     2   3   2   1       0.00000000
     2   3   2   2       0.00000000
 
 Nr. of electrons (y):     -0.00000000
 
 Atom populations (y)
  Atom       Population
     1      -0.00000000
     2      -0.00000000
 
 l-shell populations (y)
  Atom Sh.   l       Population
     1   1   0       0.00000000
     1   2   1      -0.00000000
     1   3   2      -0.00000000
     2   1   0      -0.00000000
     2   2   1      -0.00000000
     2   3   2      -0.00000000
 
 Orbital populations (y)
  Atom Sh.   l   m       Population
     1   1   0   0       0.00000000
     1   2   1  -1      -0.00000000
     1   2   1   0       0.00000000
     1   2   1   1      -0.00000000
     1   3   2  -2       0.00000000
     1   3   2  -1       0.00000000
     1   3   2   0      -0.00000000
     1   3   2   1      -0.00000000
     1   3   2   2       0.00000000
     2   1   0   0      -0.00000000
     2   2   1  -1      -0.00000000
     2   2   1   0       0.00000000
     2   2   1   1       0.00000000
     2   3   2  -2       0.00000000
     2   3   2  -1      -0.00000000
     2   3   2   0      -0.00000000
     2   3   2   1      -0.00000000
     2   3   2   2       0.00000000
 
 Nr. of electrons (z):      0.00000000
 
 Atom populations (z)
  Atom       Population
     1       0.00000000
     2       0.00000000
 
 l-shell populations (z)
  Atom Sh.   l       Population
     1   1   0       0.00000000
     1   2   1       0.00000000
     1   3   2      -0.00000000
     2   1   0       0.00000000
     2   2   1       0.00000000
     2   3   2       0.00000000
 
 Orbital populations (z)
  Atom Sh.   l   m       Population
     1   1   0   0       0.00000000
     1   2   1  -1       0.00000000
     1   2   1   0       0.00000000
     1   2   1   1       0.00000000
     1   3   2  -2       0.00000000
     1   3   2  -1       0.00000000
     1   3   2   0       0.00000000
     1   3   2   1      -0.00000000
     1   3   2   2      -0.00000000
     2   1   0   0       0.00000000
     2   2   1  -1       0.00000000
     2   2   1   0       0.00000000
     2   2   1   1       0.00000000
     2   3   2  -2       0.00000000
     2   3   2  -1       0.00000000
     2   3   2   0      -0.00000000
     2   3   2   1       0.00000000
     2   3   2   2       0.00000000
 
 Fermi energy:                      -0.1293970421 H           -3.5211 eV
 Band energy:                       -2.7618828777 H          -75.1547 eV
 TS:                                 0.0000000000 H            0.0000 eV
 Band free energy (E-TS):           -2.7618828777 H          -75.1547 eV
 Extrapolated E(0K):                -2.7618828777 H          -75.1547 eV
 Input/Output electrons (q):      8.00000000      8.00000000
 
 Energy H0:                         -2.7618658371 H          -75.1542 eV
 Energy SCC:                        -0.0000000000 H           -0.0000 eV
 Energy L.S:                        -0.0000170406 H           -0.0005 eV
 Total Electronic energy:           -2.7618828777 H          -75.1547 eV
 Repulsive energy:                   0.0000000000 H            0.0000 eV
 Total energy:                      -2.7618828777 H          -75.1547 eV
 Total Mermin free energy:          -2.7618828777 H          -75.1547 eV
 
 SCC converged
 
 
