 Fermi distribution function
 
 Calculation with static geometry
 

********************************************************************************
  iSCC Total electronic   Diff electronic      SCC error    
    7   -0.18761162E+02   -0.35527137E-14    0.24990943E-09
********************************************************************************
 

 Net atomic charges (e)
  Atom       Net charge
     1      -0.01021170
     2      -0.01021170
     3       0.00510586
     4       0.00510585
     5       0.00510585
     6       0.00510585
 
 COMPONENT = q
  
 Eigenvalues /H
   -1.10327235   -1.10140945   -1.09714146   -1.09228219   -1.09053904   -1.09376492   -1.09876209   -1.10233430
   ...
    4.03651288    4.01821649    3.97584597    3.88861907    3.88054380    3.93438194    3.98556928    4.03503096
 
 Eigenvalues /eV
  -30.02156816  -29.97087615  -29.85473800  -29.72251067  -29.67507708  -29.76285789  -29.89883772  -29.99604236
  ...
  109.83910401  109.34123399  108.18827341  105.81470874  105.59496952  107.05997975  108.45285810  109.79877880
 
 Fillings
     2.00000     2.00000     2.00000     2.00000     2.00000     2.00000     2.00000     2.00000
     ...
     0.00000     0.00000     0.00000     0.00000     0.00000     0.00000     0.00000     0.00000
 
 Nr. of electrons (up):     32.00000000
 Atom populations (up)
  Atom       Population
     1       4.01021170
     2       4.01021170
     3       5.99489414
     4       5.99489415
     5       5.99489415
     6       5.99489415
 
 l-shell populations (up)
  Atom Sh.   l       Population
     1   1   0       0.82323246
     1   2   1       1.68104110
     1   3   2       1.50593814
     2   1   0       0.82323246
     2   2   1       1.68104110
     2   3   2       1.50593814
     3   1   0       1.52237552
     3   2   1       4.47251862
     4   1   0       1.52237552
     4   2   1       4.47251863
     5   1   0       1.52237552
     5   2   1       4.47251863
     6   1   0       1.52237552
     6   2   1       4.47251863
 
 Orbital populations (up)
  Atom Sh.   l   m       Population
     1   1   0   0       0.82323246
     1   2   1  -1       0.56034703
     1   2   1   0       0.56034703
     1   2   1   1       0.56034703
     1   3   2  -2       0.27853537
     1   3   2  -1       0.27853537
     1   3   2   0       0.33516602
     1   3   2   1       0.27853537
     1   3   2   2       0.33516602
     2   1   0   0       0.82323246
     2   2   1  -1       0.56034703
     2   2   1   0       0.56034703
     2   2   1   1       0.56034703
     2   3   2  -2       0.27853537
     2   3   2  -1       0.27853537
     2   3   2   0       0.33516602
     2   3   2   1       0.27853537
     2   3   2   2       0.33516602
     3   1   0   0       1.52237552
     3   2   1  -1       1.49083954
     3   2   1   0       1.49083954
     3   2   1   1       1.49083954
     4   1   0   0       1.52237552
     4   2   1  -1       1.49083954
     4   2   1   0       1.49083954
     4   2   1   1       1.49083954
     5   1   0   0       1.52237552
     5   2   1  -1       1.49083954
     5   2   1   0       1.49083954
     5   2   1   1       1.49083954
     6   1   0   0       1.52237552
     6   2   1  -1       1.49083954
     6   2   1   0       1.49083954
     6   2   1   1       1.49083954
 
 Fermi energy:                      -0.1189046431 H           -3.2356 eV
 Band energy:                      -20.8368817685 H         -567.0004 eV
 TS:                                 0.0000000000 H            0.0000 eV
 Band free energy (E-TS):          -20.8368817685 H         -567.0004 eV
 Extrapolated E(0K):               -20.8368817685 H         -567.0004 eV
 Input/Output electrons (q):     32.00000000     32.00000000
 
 Energy H0:                        -18.7679941078 H         -510.7031 eV
 Energy SCC:                         0.0068318353 H            0.1859 eV
 Total Electronic energy:          -18.7611622726 H         -510.5172 eV
 Repulsive energy:                   0.0000000000 H            0.0000 eV
 Total energy:                     -18.7611622726 H         -510.5172 eV
 Total Mermin free energy:         -18.7611622726 H         -510.5172 eV
 
 SCC converged
 
 
