{
   "namespace.json": {
      "apiVersion": "v1",
      "kind": "Namespace",
      "metadata": {
         "annotations": {
            "application_params": "[{\"instance_name\": \"dir1\", \"application_type\": \"HDFS\", \"store_size\":\n      \"500G\"}]",
            "user_config": "{\"admin\": \"\", \"normal_group\": \"\", \"admin_group\": \"\"}"
         },
         "name": "test"
      }
   }
}
