{
   "namespace.json": {
      "apiVersion": "v1",
      "kind": "Namespace",
      "metadata": {
         "annotations": { },
         "name": "test"
      }
   }
}
