asset_ref,taxonomy,lon,lat,structural~no_damage_mean,structural~no_damage_stdv,structural~Slight_mean,structural~Slight_stdv,structural~Moderate_mean,structural~Moderate_stdv,structural~Extensive_mean,structural~Extensive_stdv,structural~Collapse_mean,structural~Collapse_stdv
ant_13_S1,"MUR/LWAL/HEX:1",-75.07679,6.90913,2.129000E+03,0.000000E+00,-1.523619E-11,3.213232E-11,1.045347E-12,2.233282E-12,-4.350956E-09,9.055496E-09,4.365148E-09,9.085390E-09
ant_13_S2,"MUR/LWAL/HEX:2",-75.07679,6.90913,4.600000E+02,0.000000E+00,-9.255465E-20,1.975476E-19,9.140525E-20,1.950938E-19,-7.217192E-20,1.535455E-19,7.332135E-20,1.559987E-19
ant_13_S3,"MUR/LWAL/HEX:3",-75.07679,6.90913,7.700000E+01,0.000000E+00,-2.860857E-21,6.129488E-21,-6.467467E-20,1.381035E-19,6.816381E-20,1.455850E-19,7.440308E-33,1.615913E-32
ant_13_S4,"MUR/LWAL/HEX:4",-75.07679,6.90913,1.500000E+01,0.000000E+00,1.047884E-21,2.820697E-21,-1.657335E-23,4.398770E-23,1.657335E-23,4.398770E-23,2.802597E-44,8.267661E-44
ant_13_S5,"MUR/LWAL/HEX:5",-75.07679,6.90913,1.000000E+00,0.000000E+00,-2.001397E-22,5.341814E-22,1.952394E-22,5.210650E-22,4.900336E-24,1.311651E-23,3.506175E-40,1.041462E-39
