{
   "Customized_Namespace": "default",
   "Develop": false,
   "TCU": {
      "hyperbase": {
         "c": 2,
         "m": 4,
         "s": 4
      },
      "yarn": {
         "c": 0.5,
         "m": 1,
         "s": 1
      }
   },
   "Transwarp_Install_ID": "",
   "instance_list": [
      {
         "annotations": {
            "application_name": "hyperbase1",
            "application_type": "HYPERBASE"
         },
         "configs": {
            "yarn_cpu_limit": 2,
            "yarn_cpu_request": 2,
            "yarn_historyserver_tmp_storage": {
               "accessMode": "ReadWriteOnce",
               "limits": {
                  "blkio.throttle.read_iops_device": 500,
                  "blkio.throttle.write_iops_device": 500
               },
               "size": "10Gi",
               "storageClass": "silver"
            },
            "yarn_memory_limit": 4,
            "yarn_memory_request": 4,
            "yarn_nodemanager_data_storage": {
               "accessMode": "ReadWriteOnce",
               "limits": {
                  "blkio.throttle.read_iops_device": 500,
                  "blkio.throttle.write_iops_device": 500
               },
               "size": "400Gi",
               "storageClass": "silver"
            },
            "yarn_nodemanager_tmp_storage": {
               "accessMode": "ReadWriteOnce",
               "limits": {
                  "blkio.throttle.read_iops_device": 500,
                  "blkio.throttle.write_iops_device": 500
               },
               "size": "10Gi",
               "storageClass": "silver"
            },
            "yarn_resourcemanager_tmp_storage": {
               "accessMode": "ReadWriteOnce",
               "limits": {
                  "blkio.throttle.read_iops_device": 500,
                  "blkio.throttle.write_iops_device": 500
               },
               "size": "10Gi",
               "storageClass": "silver"
            },
            "yarn_secondary_tmp_storage": {
               "accessMode": "ReadWriteOnce",
               "limits": {
                  "blkio.throttle.read_iops_device": 500,
                  "blkio.throttle.write_iops_device": 500
               },
               "size": "10Gi",
               "storageClass": "silver"
            },
            "yarn_timelineserver_tmp_storage": {
               "accessMode": "ReadWriteOnce",
               "limits": {
                  "blkio.throttle.read_iops_device": 500,
                  "blkio.throttle.write_iops_device": 500
               },
               "size": "10Gi",
               "storageClass": "silver"
            }
         },
         "dependencies": [
            {
               "moduleName": "hdfs",
               "name": "hdfs"
            },
            {
               "moduleName": "zookeeper",
               "name": "hdfs-zookeeper"
            }
         ],
         "instance_settings": { },
         "moduleName": "yarn",
         "name": "hyperbase1-yarn",
         "version": "1.0"
      },
      {
         "annotations": {
            "application_name": "hyperbase1",
            "application_type": "HYPERBASE"
         },
         "configs": {
            "hbase_master_cpu_limit": 4,
            "hbase_master_cpu_request": 4,
            "hbase_master_memory_limit": 4,
            "hbase_master_memory_request": 4,
            "hbase_rest_cpu_limit": 1,
            "hbase_rest_cpu_request": 1,
            "hbase_rest_memory_limit": 1,
            "hbase_rest_memory_request": 1,
            "hbase_rs_cpu_limit": 2,
            "hbase_rs_cpu_request": 2,
            "hbase_rs_memory_limit": 1,
            "hbase_rs_memory_request": 1,
            "hbase_thrift_cpu_limit": 1,
            "hbase_thrift_cpu_request": 1,
            "hbase_thrift_memory_limit": 1,
            "hbase_thrift_memory_request": 1
         },
         "dependencies": [
            {
               "moduleName": "hdfs",
               "name": "hdfs"
            },
            {
               "moduleName": "yarn",
               "name": "hyperbase1-yarn"
            },
            {
               "moduleName": "zookeeper",
               "name": "hdfs-zookeeper"
            }
         ],
         "instance_settings": { },
         "moduleName": "hyperbase",
         "name": "hyperbase1-hyperbase",
         "version": "1.0"
      }
   ],
   "instance_settings": { },
   "version": ""
}
